// Jest Snapshot v1, https://goo.gl/fbAQLP

exports[`<Order /> renders and matches snapshot 1`] = `null`;
